
There are no discarded input sections

Memory Configuration

Name             Origin             Length             Attributes
rom              0x08000000         0x00020000         xr
ram              0x20000000         0x00008000         !xr
*default*        0x00000000         0xffffffff

Linker script and memory map

LOAD CMakeFiles/lab5.elf.dir/main.c.obj
LOAD CMakeFiles/lab5.elf.dir/startup.s.obj
                0x20008000                        _stack_top = (ORIGIN (ram) + LENGTH (ram))

.text           0x08000000      0x118
 *(.vectors)
 .vectors       0x08000000       0xc0 CMakeFiles/lab5.elf.dir/startup.s.obj
                0x08000000                _vectors
 *(.text)
 .text          0x080000c0       0x3c CMakeFiles/lab5.elf.dir/main.c.obj
                0x080000c0                print_ch
                0x080000dc                main
 .text          0x080000fc       0x1c CMakeFiles/lab5.elf.dir/startup.s.obj
                0x080000fc                _start
                0x08000102                _print_ch

.glue_7         0x08000118        0x0
 .glue_7        0x08000118        0x0 linker stubs

.glue_7t        0x08000118        0x0
 .glue_7t       0x08000118        0x0 linker stubs

.vfp11_veneer   0x08000118        0x0
 .vfp11_veneer  0x08000118        0x0 linker stubs

.v4_bx          0x08000118        0x0
 .v4_bx         0x08000118        0x0 linker stubs

.iplt           0x08000118        0x0
 .iplt          0x08000118        0x0 CMakeFiles/lab5.elf.dir/main.c.obj

.rel.dyn        0x08000118        0x0
 .rel.iplt      0x08000118        0x0 CMakeFiles/lab5.elf.dir/main.c.obj

.data           0x20000000        0x0 load address 0x08000118
 *(.data)
 .data          0x20000000        0x0 CMakeFiles/lab5.elf.dir/main.c.obj
 .data          0x20000000        0x0 CMakeFiles/lab5.elf.dir/startup.s.obj

.igot.plt       0x20000000        0x0 load address 0x08000118
 .igot.plt      0x20000000        0x0 CMakeFiles/lab5.elf.dir/main.c.obj

.bss            0x20000000        0x0 load address 0x08000118
 *(.bss)
 .bss           0x20000000        0x0 CMakeFiles/lab5.elf.dir/main.c.obj
 .bss           0x20000000        0x0 CMakeFiles/lab5.elf.dir/startup.s.obj
OUTPUT(lab5.elf elf32-littlearm)
LOAD linker stubs

.debug_info     0x00000000      0x123
 .debug_info    0x00000000       0xe7 CMakeFiles/lab5.elf.dir/main.c.obj
 .debug_info    0x000000e7       0x3c CMakeFiles/lab5.elf.dir/startup.s.obj

.debug_abbrev   0x00000000       0xd2
 .debug_abbrev  0x00000000       0xaa CMakeFiles/lab5.elf.dir/main.c.obj
 .debug_abbrev  0x000000aa       0x28 CMakeFiles/lab5.elf.dir/startup.s.obj

.debug_aranges  0x00000000       0x40
 .debug_aranges
                0x00000000       0x20 CMakeFiles/lab5.elf.dir/main.c.obj
 .debug_aranges
                0x00000020       0x20 CMakeFiles/lab5.elf.dir/startup.s.obj

.debug_line     0x00000000      0x18d
 .debug_line    0x00000000      0x136 CMakeFiles/lab5.elf.dir/main.c.obj
 .debug_line    0x00000136       0x57 CMakeFiles/lab5.elf.dir/startup.s.obj

.debug_str      0x00000000      0x214
 .debug_str     0x00000000      0x214 CMakeFiles/lab5.elf.dir/main.c.obj
                                0x1f3 (size before relaxing)
 .debug_str     0x00000214       0xd9 CMakeFiles/lab5.elf.dir/startup.s.obj

.comment        0x00000000       0x45
 .comment       0x00000000       0x45 CMakeFiles/lab5.elf.dir/main.c.obj
                                 0x46 (size before relaxing)

.ARM.attributes
                0x00000000       0x2a
 .ARM.attributes
                0x00000000       0x2c CMakeFiles/lab5.elf.dir/main.c.obj
 .ARM.attributes
                0x0000002c       0x22 CMakeFiles/lab5.elf.dir/startup.s.obj

.debug_frame    0x00000000       0x40
 .debug_frame   0x00000000       0x40 CMakeFiles/lab5.elf.dir/main.c.obj

.debug_line_str
                0x00000000       0xba
 .debug_line_str
                0x00000000       0xba CMakeFiles/lab5.elf.dir/startup.s.obj
